[browser] THREE.Clock: This module has been deprecated. Please use THREE.Timer instead. (components/simulation/BodyScene.tsx:184:19)
[browser] THREE.Clock: This module has been deprecated. Please use THREE.Timer instead. (components/simulation/BodyScene.tsx:184:19)
[browser] THREE.Clock: This module has been deprecated. Please use THREE.Timer instead. (components/simulation/BodyScene.tsx:184:19)
[browser] THREE.Clock: This module has been deprecated. Please use THREE.Timer instead. (components/simulation/BodyScene.tsx:184:19)
[browser] THREE.Clock: This module has been deprecated. Please use THREE.Timer instead. (components/simulation/BodyScene.tsx:184:19)
[browser] THREE.Clock: This module has been deprecated. Please use THREE.Timer instead. (components/simulation/BodyScene.tsx:184:19)
[browser] THREE.Clock: This module has been deprecated. Please use THREE.Timer instead. (components/simulation/BodyScene.tsx:184:19)
[browser] THREE.Clock: This module has been deprecated. Please use THREE.Timer instead. (components/simulation/BodyScene.tsx:184:19)
⚠ Found a change in next.config.ts. Restarting the server to apply the changes...
⨯ ./components/report/ReportView.tsx:5:1
Error: Module not found: Can't resolve '../simulation/BodyScene'
  [90m3 |[0m [36mimport[0m { [33mActivity[0m, [33mFileText[0m, [33mChartNoAxesCombined[0m, [33mDownload[0m, [33mPlay[0m, [33mPause[0m, [33mRotateCcw[0m, [33mChevron...[0m
  [90m4 |[0m [36mimport[0m { [33mResponsiveContainer[0m, [33mLineChart[0m, [33mLine[0m, [33mCartesianGrid[0m, [33mXAxis[0m, [33mYAxis[0m, [33mTooltip[0m, [33mRefere...[0m
[31m[1m>[0m [90m5 |[0m [36mimport[0m [33mBodyScene[0m [36mfrom[0m [32m"../simulation/BodyScene"[0m;
  [90m  |[0m [31m[1m^^^^^^^^^^^^^^^^^^^^^^^^^^^^^^^^^^^^^^^^^^^^^^^^[0m
  [90m6 |[0m [36mimport[0m { [33mAdministrationSeries[0m, [33mFinding[0m, [33mOrgan[0m, [33mORGANS[0m, [33mORGAN_COLORS[0m, [33mORGAN_LABELS[0m, [33mTimeline...[0m
  [90m7 |[0m
  [90m8 |[0m [36mfunction[0m readable(value: string) { [36mreturn[0m value.replaceAll([32m"_"[0m, [32m" "[0m); }



Import traces:
  Client Component Browser:
    ./components/report/ReportView.tsx [Client Component Browser]
    ./app/page.tsx [Client Component Browser]
    ./app/page.tsx [Server Component]

  Client Component SSR:
    ./components/report/ReportView.tsx [Client Component SSR]
    ./app/page.tsx [Client Component SSR]
    ./app/page.tsx [Server Component]

https://nextjs.org/docs/messages/module-not-found


⨯ ./components/report/ReportView.tsx:5:1
Error: Module not found: Can't resolve '../simulation/BodyScene'
  [90m3 |[0m [36mimport[0m { [33mActivity[0m, [33mFileText[0m, [33mChartNoAxesCombined[0m, [33mDownload[0m, [33mPlay[0m, [33mPause[0m, [33mRotateCcw[0m, [33mChevron...[0m
  [90m4 |[0m [36mimport[0m { [33mResponsiveContainer[0m, [33mLineChart[0m, [33mLine[0m, [33mCartesianGrid[0m, [33mXAxis[0m, [33mYAxis[0m, [33mTooltip[0m, [33mRefere...[0m
[31m[1m>[0m [90m5 |[0m [36mimport[0m [33mBodyScene[0m [36mfrom[0m [32m"../simulation/BodyScene"[0m;
  [90m  |[0m [31m[1m^^^^^^^^^^^^^^^^^^^^^^^^^^^^^^^^^^^^^^^^^^^^^^^^[0m
  [90m6 |[0m [36mimport[0m { [33mAdministrationSeries[0m, [33mFinding[0m, [33mOrgan[0m, [33mORGANS[0m, [33mORGAN_COLORS[0m, [33mORGAN_LABELS[0m, [33mTimeline...[0m
  [90m7 |[0m
  [90m8 |[0m [36mfunction[0m readable(value: string) { [36mreturn[0m value.replaceAll([32m"_"[0m, [32m" "[0m); }



Import traces:
  Client Component Browser:
    ./components/report/ReportView.tsx [Client Component Browser]
    ./app/page.tsx [Client Component Browser]
    ./app/page.tsx [Server Component]

  Client Component SSR:
    ./components/report/ReportView.tsx [Client Component SSR]
    ./app/page.tsx [Client Component SSR]
    ./app/page.tsx [Server Component]

https://nextjs.org/docs/messages/module-not-found


⨯ ./components/report/ReportView.tsx:5:1
Error: Module not found: Can't resolve '../simulation/BodyScene'
  [90m3 |[0m [36mimport[0m { [33mActivity[0m, [33mFileText[0m, [33mChartNoAxesCombined[0m, [33mDownload[0m, [33mPlay[0m, [33mPause[0m, [33mRotateCcw[0m, [33mChevron...[0m
  [90m4 |[0m [36mimport[0m { [33mResponsiveContainer[0m, [33mLineChart[0m, [33mLine[0m, [33mCartesianGrid[0m, [33mXAxis[0m, [33mYAxis[0m, [33mTooltip[0m, [33mRefere...[0m
[31m[1m>[0m [90m5 |[0m [36mimport[0m [33mBodyScene[0m [36mfrom[0m [32m"../simulation/BodyScene"[0m;
  [90m  |[0m [31m[1m^^^^^^^^^^^^^^^^^^^^^^^^^^^^^^^^^^^^^^^^^^^^^^^^[0m
  [90m6 |[0m [36mimport[0m { [33mAdministrationSeries[0m, [33mFinding[0m, [33mOrgan[0m, [33mORGANS[0m, [33mORGAN_COLORS[0m, [33mORGAN_LABELS[0m, [33mTimeline...[0m
  [90m7 |[0m
  [90m8 |[0m [36mfunction[0m readable(value: string) { [36mreturn[0m value.replaceAll([32m"_"[0m, [32m" "[0m); }



Import traces:
  Client Component Browser:
    ./components/report/ReportView.tsx [Client Component Browser]
    ./app/page.tsx [Client Component Browser]
    ./app/page.tsx [Server Component]

  Client Component SSR:
    ./components/report/ReportView.tsx [Client Component SSR]
    ./app/page.tsx [Client Component SSR]
    ./app/page.tsx [Server Component]

https://nextjs.org/docs/messages/module-not-found


⨯ ./components/report/ReportView.tsx:5:1
Error: Module not found: Can't resolve '../simulation/BodyScene'
  [90m3 |[0m [36mimport[0m { [33mActivity[0m, [33mFileText[0m, [33mChartNoAxesCombined[0m, [33mDownload[0m, [33mPlay[0m, [33mPause[0m, [33mRotateCcw[0m, [33mChevron...[0m
  [90m4 |[0m [36mimport[0m { [33mResponsiveContainer[0m, [33mLineChart[0m, [33mLine[0m, [33mCartesianGrid[0m, [33mXAxis[0m, [33mYAxis[0m, [33mTooltip[0m, [33mRefere...[0m
[31m[1m>[0m [90m5 |[0m [36mimport[0m [33mBodyScene[0m [36mfrom[0m [32m"../simulation/BodyScene"[0m;
  [90m  |[0m [31m[1m^^^^^^^^^^^^^^^^^^^^^^^^^^^^^^^^^^^^^^^^^^^^^^^^[0m
  [90m6 |[0m [36mimport[0m { [33mAdministrationSeries[0m, [33mFinding[0m, [33mOrgan[0m, [33mORGANS[0m, [33mORGAN_COLORS[0m, [33mORGAN_LABELS[0m, [33mTimeline...[0m
  [90m7 |[0m
  [90m8 |[0m [36mfunction[0m readable(value: string) { [36mreturn[0m value.replaceAll([32m"_"[0m, [32m" "[0m); }



Import traces:
  Client Component Browser:
    ./components/report/ReportView.tsx [Client Component Browser]
    ./app/page.tsx [Client Component Browser]
    ./app/page.tsx [Server Component]

  Client Component SSR:
    ./components/report/ReportView.tsx [Client Component SSR]
    ./app/page.tsx [Client Component SSR]
    ./app/page.tsx [Server Component]

https://nextjs.org/docs/messages/module-not-found


⨯ ./components/report/ReportView.tsx:5:1
Error: Module not found: Can't resolve '../simulation/BodyScene'
  [90m3 |[0m [36mimport[0m { [33mActivity[0m, [33mFileText[0m, [33mChartNoAxesCombined[0m, [33mDownload[0m, [33mPlay[0m, [33mPause[0m, [33mRotateCcw[0m, [33mChevron...[0m
  [90m4 |[0m [36mimport[0m { [33mResponsiveContainer[0m, [33mLineChart[0m, [33mLine[0m, [33mCartesianGrid[0m, [33mXAxis[0m, [33mYAxis[0m, [33mTooltip[0m, [33mRefere...[0m
[31m[1m>[0m [90m5 |[0m [36mimport[0m [33mBodyScene[0m [36mfrom[0m [32m"../simulation/BodyScene"[0m;
  [90m  |[0m [31m[1m^^^^^^^^^^^^^^^^^^^^^^^^^^^^^^^^^^^^^^^^^^^^^^^^[0m
  [90m6 |[0m [36mimport[0m { [33mAdministrationSeries[0m, [33mFinding[0m, [33mOrgan[0m, [33mORGANS[0m, [33mORGAN_COLORS[0m, [33mORGAN_LABELS[0m, [33mTimeline...[0m
  [90m7 |[0m
  [90m8 |[0m [36mfunction[0m readable(value: string) { [36mreturn[0m value.replaceAll([32m"_"[0m, [32m" "[0m); }



Import traces:
  Client Component Browser:
    ./components/report/ReportView.tsx [Client Component Browser]
    ./app/page.tsx [Client Component Browser]
    ./app/page.tsx [Server Component]

  Client Component SSR:
    ./components/report/ReportView.tsx [Client Component SSR]
    ./app/page.tsx [Client Component SSR]
    ./app/page.tsx [Server Component]

https://nextjs.org/docs/messages/module-not-found


⨯ ./components/report/ReportView.tsx:5:1
Error: Module not found: Can't resolve '../simulation/BodyScene'
  [90m3 |[0m [36mimport[0m { [33mActivity[0m, [33mFileText[0m, [33mChartNoAxesCombined[0m, [33mDownload[0m, [33mPlay[0m, [33mPause[0m, [33mRotateCcw[0m, [33mChevron...[0m
  [90m4 |[0m [36mimport[0m { [33mResponsiveContainer[0m, [33mLineChart[0m, [33mLine[0m, [33mCartesianGrid[0m, [33mXAxis[0m, [33mYAxis[0m, [33mTooltip[0m, [33mRefere...[0m
[31m[1m>[0m [90m5 |[0m [36mimport[0m [33mBodyScene[0m [36mfrom[0m [32m"../simulation/BodyScene"[0m;
  [90m  |[0m [31m[1m^^^^^^^^^^^^^^^^^^^^^^^^^^^^^^^^^^^^^^^^^^^^^^^^[0m
  [90m6 |[0m [36mimport[0m { [33mAdministrationSeries[0m, [33mFinding[0m, [33mOrgan[0m, [33mORGANS[0m, [33mORGAN_COLORS[0m, [33mORGAN_LABELS[0m, [33mTimeline...[0m
  [90m7 |[0m
  [90m8 |[0m [36mfunction[0m readable(value: string) { [36mreturn[0m value.replaceAll([32m"_"[0m, [32m" "[0m); }



Import traces:
  Client Component Browser:
    ./components/report/ReportView.tsx [Client Component Browser]
    ./app/page.tsx [Client Component Browser]
    ./app/page.tsx [Server Component]

  Client Component SSR:
    ./components/report/ReportView.tsx [Client Component SSR]
    ./app/page.tsx [Client Component SSR]
    ./app/page.tsx [Server Component]

https://nextjs.org/docs/messages/module-not-found


⨯ ./components/report/ReportView.tsx:5:1
Error: Module not found: Can't resolve '../simulation/BodyScene'
  [90m3 |[0m [36mimport[0m { [33mActivity[0m, [33mFileText[0m, [33mChartNoAxesCombined[0m, [33mDownload[0m, [33mPlay[0m, [33mPause[0m, [33mRotateCcw[0m, [33mChevron...[0m
  [90m4 |[0m [36mimport[0m { [33mResponsiveContainer[0m, [33mLineChart[0m, [33mLine[0m, [33mCartesianGrid[0m, [33mXAxis[0m, [33mYAxis[0m, [33mTooltip[0m, [33mRefere...[0m
[31m[1m>[0m [90m5 |[0m [36mimport[0m [33mBodyScene[0m [36mfrom[0m [32m"../simulation/BodyScene"[0m;
  [90m  |[0m [31m[1m^^^^^^^^^^^^^^^^^^^^^^^^^^^^^^^^^^^^^^^^^^^^^^^^[0m
  [90m6 |[0m [36mimport[0m { [33mAdministrationSeries[0m, [33mFinding[0m, [33mOrgan[0m, [33mORGANS[0m, [33mORGAN_COLORS[0m, [33mORGAN_LABELS[0m, [33mTimeline...[0m
  [90m7 |[0m
  [90m8 |[0m [36mfunction[0m readable(value: string) { [36mreturn[0m value.replaceAll([32m"_"[0m, [32m" "[0m); }



Import traces:
  Client Component Browser:
    ./components/report/ReportView.tsx [Client Component Browser]
    ./app/page.tsx [Client Component Browser]
    ./app/page.tsx [Server Component]

  Client Component SSR:
    ./components/report/ReportView.tsx [Client Component SSR]
    ./app/page.tsx [Client Component SSR]
    ./app/page.tsx [Server Component]

https://nextjs.org/docs/messages/module-not-found


⨯ ./components/report/ReportView.tsx:5:1
Error: Module not found: Can't resolve '../simulation/BodyScene'
  [90m3 |[0m [36mimport[0m { [33mActivity[0m, [33mFileText[0m, [33mChartNoAxesCombined[0m, [33mDownload[0m, [33mPlay[0m, [33mPause[0m, [33mRotateCcw[0m, [33mChevron...[0m
  [90m4 |[0m [36mimport[0m { [33mResponsiveContainer[0m, [33mLineChart[0m, [33mLine[0m, [33mCartesianGrid[0m, [33mXAxis[0m, [33mYAxis[0m, [33mTooltip[0m, [33mRefere...[0m
[31m[1m>[0m [90m5 |[0m [36mimport[0m [33mBodyScene[0m [36mfrom[0m [32m"../simulation/BodyScene"[0m;
  [90m  |[0m [31m[1m^^^^^^^^^^^^^^^^^^^^^^^^^^^^^^^^^^^^^^^^^^^^^^^^[0m
  [90m6 |[0m [36mimport[0m { [33mAdministrationSeries[0m, [33mFinding[0m, [33mOrgan[0m, [33mORGANS[0m, [33mORGAN_COLORS[0m, [33mORGAN_LABELS[0m, [33mTimeline...[0m
  [90m7 |[0m
  [90m8 |[0m [36mfunction[0m readable(value: string) { [36mreturn[0m value.replaceAll([32m"_"[0m, [32m" "[0m); }



Import traces:
  Client Component Browser:
    ./components/report/ReportView.tsx [Client Component Browser]
    ./app/page.tsx [Client Component Browser]
    ./app/page.tsx [Server Component]

  Client Component SSR:
    ./components/report/ReportView.tsx [Client Component SSR]
    ./app/page.tsx [Client Component SSR]
    ./app/page.tsx [Server Component]

https://nextjs.org/docs/messages/module-not-found


⨯ ./components/report/ReportView.tsx:5:1
Error: Module not found: Can't resolve '../simulation/BodyScene'
  [90m3 |[0m [36mimport[0m { [33mActivity[0m, [33mFileText[0m, [33mChartNoAxesCombined[0m, [33mDownload[0m, [33mPlay[0m, [33mPause[0m, [33mRotateCcw[0m, [33mChevron...[0m
  [90m4 |[0m [36mimport[0m { [33mResponsiveContainer[0m, [33mLineChart[0m, [33mLine[0m, [33mCartesianGrid[0m, [33mXAxis[0m, [33mYAxis[0m, [33mTooltip[0m, [33mRefere...[0m
[31m[1m>[0m [90m5 |[0m [36mimport[0m [33mBodyScene[0m [36mfrom[0m [32m"../simulation/BodyScene"[0m;
  [90m  |[0m [31m[1m^^^^^^^^^^^^^^^^^^^^^^^^^^^^^^^^^^^^^^^^^^^^^^^^[0m
  [90m6 |[0m [36mimport[0m { [33mAdministrationSeries[0m, [33mFinding[0m, [33mOrgan[0m, [33mORGANS[0m, [33mORGAN_COLORS[0m, [33mORGAN_LABELS[0m, [33mTimeline...[0m
  [90m7 |[0m
  [90m8 |[0m [36mfunction[0m readable(value: string) { [36mreturn[0m value.replaceAll([32m"_"[0m, [32m" "[0m); }



Import traces:
  Client Component Browser:
    ./components/report/ReportView.tsx [Client Component Browser]
    ./app/page.tsx [Client Component Browser]
    ./app/page.tsx [Server Component]

  Client Component SSR:
    ./components/report/ReportView.tsx [Client Component SSR]
    ./app/page.tsx [Client Component SSR]
    ./app/page.tsx [Server Component]

https://nextjs.org/docs/messages/module-not-found


⨯ ./components/report/ReportView.tsx:5:1
Error: Module not found: Can't resolve '../simulation/BodyScene'
  [90m3 |[0m [36mimport[0m { [33mActivity[0m, [33mFileText[0m, [33mChartNoAxesCombined[0m, [33mDownload[0m, [33mPlay[0m, [33mPause[0m, [33mRotateCcw[0m, [33mChevron...[0m
  [90m4 |[0m [36mimport[0m { [33mResponsiveContainer[0m, [33mLineChart[0m, [33mLine[0m, [33mCartesianGrid[0m, [33mXAxis[0m, [33mYAxis[0m, [33mTooltip[0m, [33mRefere...[0m
[31m[1m>[0m [90m5 |[0m [36mimport[0m [33mBodyScene[0m [36mfrom[0m [32m"../simulation/BodyScene"[0m;
  [90m  |[0m [31m[1m^^^^^^^^^^^^^^^^^^^^^^^^^^^^^^^^^^^^^^^^^^^^^^^^[0m
  [90m6 |[0m [36mimport[0m { [33mAdministrationSeries[0m, [33mFinding[0m, [33mOrgan[0m, [33mORGANS[0m, [33mORGAN_COLORS[0m, [33mORGAN_LABELS[0m, [33mTimeline...[0m
  [90m7 |[0m
  [90m8 |[0m [36mfunction[0m readable(value: string) { [36mreturn[0m value.replaceAll([32m"_"[0m, [32m" "[0m); }



Import traces:
  Client Component Browser:
    ./components/report/ReportView.tsx [Client Component Browser]
    ./app/page.tsx [Client Component Browser]
    ./app/page.tsx [Server Component]

  Client Component SSR:
    ./components/report/ReportView.tsx [Client Component SSR]
    ./app/page.tsx [Client Component SSR]
    ./app/page.tsx [Server Component]

https://nextjs.org/docs/messages/module-not-found


⨯ ./components/report/ReportView.tsx:5:1
Error: Module not found: Can't resolve '../simulation/BodyScene'
  [90m3 |[0m [36mimport[0m { [33mActivity[0m, [33mFileText[0m, [33mChartNoAxesCombined[0m, [33mDownload[0m, [33mPlay[0m, [33mPause[0m, [33mRotateCcw[0m, [33mChevron...[0m
  [90m4 |[0m [36mimport[0m { [33mResponsiveContainer[0m, [33mLineChart[0m, [33mLine[0m, [33mCartesianGrid[0m, [33mXAxis[0m, [33mYAxis[0m, [33mTooltip[0m, [33mRefere...[0m
[31m[1m>[0m [90m5 |[0m [36mimport[0m [33mBodyScene[0m [36mfrom[0m [32m"../simulation/BodyScene"[0m;
  [90m  |[0m [31m[1m^^^^^^^^^^^^^^^^^^^^^^^^^^^^^^^^^^^^^^^^^^^^^^^^[0m
  [90m6 |[0m [36mimport[0m { [33mAdministrationSeries[0m, [33mFinding[0m, [33mOrgan[0m, [33mORGANS[0m, [33mORGAN_COLORS[0m, [33mORGAN_LABELS[0m, [33mTimeline...[0m
  [90m7 |[0m
  [90m8 |[0m [36mfunction[0m readable(value: string) { [36mreturn[0m value.replaceAll([32m"_"[0m, [32m" "[0m); }



Import traces:
  Client Component Browser:
    ./components/report/ReportView.tsx [Client Component Browser]
    ./app/page.tsx [Client Component Browser]
    ./app/page.tsx [Server Component]

  Client Component SSR:
    ./components/report/ReportView.tsx [Client Component SSR]
    ./app/page.tsx [Client Component SSR]
    ./app/page.tsx [Server Component]

https://nextjs.org/docs/messages/module-not-found


⨯ ./components/report/ReportView.tsx:5:1
Error: Module not found: Can't resolve '../simulation/BodyScene'
  [90m3 |[0m [36mimport[0m { [33mActivity[0m, [33mFileText[0m, [33mChartNoAxesCombined[0m, [33mDownload[0m, [33mPlay[0m, [33mPause[0m, [33mRotateCcw[0m, [33mChevron...[0m
  [90m4 |[0m [36mimport[0m { [33mResponsiveContainer[0m, [33mLineChart[0m, [33mLine[0m, [33mCartesianGrid[0m, [33mXAxis[0m, [33mYAxis[0m, [33mTooltip[0m, [33mRefere...[0m
[31m[1m>[0m [90m5 |[0m [36mimport[0m [33mBodyScene[0m [36mfrom[0m [32m"../simulation/BodyScene"[0m;
  [90m  |[0m [31m[1m^^^^^^^^^^^^^^^^^^^^^^^^^^^^^^^^^^^^^^^^^^^^^^^^[0m
  [90m6 |[0m [36mimport[0m { [33mAdministrationSeries[0m, [33mFinding[0m, [33mOrgan[0m, [33mORGANS[0m, [33mORGAN_COLORS[0m, [33mORGAN_LABELS[0m, [33mTimeline...[0m
  [90m7 |[0m
  [90m8 |[0m [36mfunction[0m readable(value: string) { [36mreturn[0m value.replaceAll([32m"_"[0m, [32m" "[0m); }



Import traces:
  Client Component Browser:
    ./components/report/ReportView.tsx [Client Component Browser]
    ./app/page.tsx [Client Component Browser]
    ./app/page.tsx [Server Component]

  Client Component SSR:
    ./components/report/ReportView.tsx [Client Component SSR]
    ./app/page.tsx [Client Component SSR]
    ./app/page.tsx [Server Component]

https://nextjs.org/docs/messages/module-not-found


⨯ ./components/report/ReportView.tsx:5:1
Error: Module not found: Can't resolve '../simulation/BodyScene'
  [90m3 |[0m [36mimport[0m { [33mActivity[0m, [33mFileText[0m, [33mChartNoAxesCombined[0m, [33mDownload[0m, [33mPlay[0m, [33mPause[0m, [33mRotateCcw[0m, [33mChevron...[0m
  [90m4 |[0m [36mimport[0m { [33mResponsiveContainer[0m, [33mLineChart[0m, [33mLine[0m, [33mCartesianGrid[0m, [33mXAxis[0m, [33mYAxis[0m, [33mTooltip[0m, [33mRefere...[0m
[31m[1m>[0m [90m5 |[0m [36mimport[0m [33mBodyScene[0m [36mfrom[0m [32m"../simulation/BodyScene"[0m;
  [90m  |[0m [31m[1m^^^^^^^^^^^^^^^^^^^^^^^^^^^^^^^^^^^^^^^^^^^^^^^^[0m
  [90m6 |[0m [36mimport[0m { [33mAdministrationSeries[0m, [33mFinding[0m, [33mOrgan[0m, [33mORGANS[0m, [33mORGAN_COLORS[0m, [33mORGAN_LABELS[0m, [33mTimeline...[0m
  [90m7 |[0m
  [90m8 |[0m [36mfunction[0m readable(value: string) { [36mreturn[0m value.replaceAll([32m"_"[0m, [32m" "[0m); }



Import traces:
  Client Component Browser:
    ./components/report/ReportView.tsx [Client Component Browser]
    ./app/page.tsx [Client Component Browser]
    ./app/page.tsx [Server Component]

  Client Component SSR:
    ./components/report/ReportView.tsx [Client Component SSR]
    ./app/page.tsx [Client Component SSR]
    ./app/page.tsx [Server Component]

https://nextjs.org/docs/messages/module-not-found


⨯ ./components/report/ReportView.tsx:5:1
Error: Module not found: Can't resolve '../simulation/BodyScene'
  [90m3 |[0m [36mimport[0m { [33mActivity[0m, [33mFileText[0m, [33mChartNoAxesCombined[0m, [33mDownload[0m, [33mPlay[0m, [33mPause[0m, [33mRotateCcw[0m, [33mChevron...[0m
  [90m4 |[0m [36mimport[0m { [33mResponsiveContainer[0m, [33mLineChart[0m, [33mLine[0m, [33mCartesianGrid[0m, [33mXAxis[0m, [33mYAxis[0m, [33mTooltip[0m, [33mRefere...[0m
[31m[1m>[0m [90m5 |[0m [36mimport[0m [33mBodyScene[0m [36mfrom[0m [32m"../simulation/BodyScene"[0m;
  [90m  |[0m [31m[1m^^^^^^^^^^^^^^^^^^^^^^^^^^^^^^^^^^^^^^^^^^^^^^^^[0m
  [90m6 |[0m [36mimport[0m { [33mAdministrationSeries[0m, [33mFinding[0m, [33mOrgan[0m, [33mORGANS[0m, [33mORGAN_COLORS[0m, [33mORGAN_LABELS[0m, [33mTimeline...[0m
  [90m7 |[0m
  [90m8 |[0m [36mfunction[0m readable(value: string) { [36mreturn[0m value.replaceAll([32m"_"[0m, [32m" "[0m); }



Import traces:
  Client Component Browser:
    ./components/report/ReportView.tsx [Client Component Browser]
    ./app/page.tsx [Client Component Browser]
    ./app/page.tsx [Server Component]

  Client Component SSR:
    ./components/report/ReportView.tsx [Client Component SSR]
    ./app/page.tsx [Client Component SSR]
    ./app/page.tsx [Server Component]

https://nextjs.org/docs/messages/module-not-found


⨯ ./components/report/ReportView.tsx:5:1
Error: Module not found: Can't resolve '../simulation/BodyScene'
  [90m3 |[0m [36mimport[0m { [33mActivity[0m, [33mFileText[0m, [33mChartNoAxesCombined[0m, [33mDownload[0m, [33mPlay[0m, [33mPause[0m, [33mRotateCcw[0m, [33mChevron...[0m
  [90m4 |[0m [36mimport[0m { [33mResponsiveContainer[0m, [33mLineChart[0m, [33mLine[0m, [33mCartesianGrid[0m, [33mXAxis[0m, [33mYAxis[0m, [33mTooltip[0m, [33mRefere...[0m
[31m[1m>[0m [90m5 |[0m [36mimport[0m [33mBodyScene[0m [36mfrom[0m [32m"../simulation/BodyScene"[0m;
  [90m  |[0m [31m[1m^^^^^^^^^^^^^^^^^^^^^^^^^^^^^^^^^^^^^^^^^^^^^^^^[0m
  [90m6 |[0m [36mimport[0m { [33mAdministrationSeries[0m, [33mFinding[0m, [33mOrgan[0m, [33mORGANS[0m, [33mORGAN_COLORS[0m, [33mORGAN_LABELS[0m, [33mTimeline...[0m
  [90m7 |[0m
  [90m8 |[0m [36mfunction[0m readable(value: string) { [36mreturn[0m value.replaceAll([32m"_"[0m, [32m" "[0m); }



Import traces:
  Client Component Browser:
    ./components/report/ReportView.tsx [Client Component Browser]
    ./app/page.tsx [Client Component Browser]
    ./app/page.tsx [Server Component]

  Client Component SSR:
    ./components/report/ReportView.tsx [Client Component SSR]
    ./app/page.tsx [Client Component SSR]
    ./app/page.tsx [Server Component]

https://nextjs.org/docs/messages/module-not-found


⨯ ./components/report/ReportView.tsx:5:1
Error: Module not found: Can't resolve '../simulation/BodyScene'
  [90m3 |[0m [36mimport[0m { [33mActivity[0m, [33mFileText[0m, [33mChartNoAxesCombined[0m, [33mDownload[0m, [33mPlay[0m, [33mPause[0m, [33mRotateCcw[0m, [33mChevron...[0m
  [90m4 |[0m [36mimport[0m { [33mResponsiveContainer[0m, [33mLineChart[0m, [33mLine[0m, [33mCartesianGrid[0m, [33mXAxis[0m, [33mYAxis[0m, [33mTooltip[0m, [33mRefere...[0m
[31m[1m>[0m [90m5 |[0m [36mimport[0m [33mBodyScene[0m [36mfrom[0m [32m"../simulation/BodyScene"[0m;
  [90m  |[0m [31m[1m^^^^^^^^^^^^^^^^^^^^^^^^^^^^^^^^^^^^^^^^^^^^^^^^[0m
  [90m6 |[0m [36mimport[0m { [33mAdministrationSeries[0m, [33mFinding[0m, [33mOrgan[0m, [33mORGANS[0m, [33mORGAN_COLORS[0m, [33mORGAN_LABELS[0m, [33mTimeline...[0m
  [90m7 |[0m
  [90m8 |[0m [36mfunction[0m readable(value: string) { [36mreturn[0m value.replaceAll([32m"_"[0m, [32m" "[0m); }



Import traces:
  Client Component Browser:
    ./components/report/ReportView.tsx [Client Component Browser]
    ./app/page.tsx [Client Component Browser]
    ./app/page.tsx [Server Component]

  Client Component SSR:
    ./components/report/ReportView.tsx [Client Component SSR]
    ./app/page.tsx [Client Component SSR]
    ./app/page.tsx [Server Component]

https://nextjs.org/docs/messages/module-not-found


⨯ ./components/report/ReportView.tsx:5:1
Error: Module not found: Can't resolve '../simulation/BodyScene'
  [90m3 |[0m [36mimport[0m { [33mActivity[0m, [33mFileText[0m, [33mChartNoAxesCombined[0m, [33mDownload[0m, [33mPlay[0m, [33mPause[0m, [33mRotateCcw[0m, [33mChevron...[0m
  [90m4 |[0m [36mimport[0m { [33mResponsiveContainer[0m, [33mLineChart[0m, [33mLine[0m, [33mCartesianGrid[0m, [33mXAxis[0m, [33mYAxis[0m, [33mTooltip[0m, [33mRefere...[0m
[31m[1m>[0m [90m5 |[0m [36mimport[0m [33mBodyScene[0m [36mfrom[0m [32m"../simulation/BodyScene"[0m;
  [90m  |[0m [31m[1m^^^^^^^^^^^^^^^^^^^^^^^^^^^^^^^^^^^^^^^^^^^^^^^^[0m
  [90m6 |[0m [36mimport[0m { [33mAdministrationSeries[0m, [33mFinding[0m, [33mOrgan[0m, [33mORGANS[0m, [33mORGAN_COLORS[0m, [33mORGAN_LABELS[0m, [33mTimeline...[0m
  [90m7 |[0m
  [90m8 |[0m [36mfunction[0m readable(value: string) { [36mreturn[0m value.replaceAll([32m"_"[0m, [32m" "[0m); }



Import traces:
  Client Component Browser:
    ./components/report/ReportView.tsx [Client Component Browser]
    ./app/page.tsx [Client Component Browser]
    ./app/page.tsx [Server Component]

  Client Component SSR:
    ./components/report/ReportView.tsx [Client Component SSR]
    ./app/page.tsx [Client Component SSR]
    ./app/page.tsx [Server Component]

https://nextjs.org/docs/messages/module-not-found


⨯ ./components/report/ReportView.tsx:5:1
Error: Module not found: Can't resolve '../simulation/BodyScene'
  [90m3 |[0m [36mimport[0m { [33mActivity[0m, [33mFileText[0m, [33mChartNoAxesCombined[0m, [33mDownload[0m, [33mPlay[0m, [33mPause[0m, [33mRotateCcw[0m, [33mChevron...[0m
  [90m4 |[0m [36mimport[0m { [33mResponsiveContainer[0m, [33mLineChart[0m, [33mLine[0m, [33mCartesianGrid[0m, [33mXAxis[0m, [33mYAxis[0m, [33mTooltip[0m, [33mRefere...[0m
[31m[1m>[0m [90m5 |[0m [36mimport[0m [33mBodyScene[0m [36mfrom[0m [32m"../simulation/BodyScene"[0m;
  [90m  |[0m [31m[1m^^^^^^^^^^^^^^^^^^^^^^^^^^^^^^^^^^^^^^^^^^^^^^^^[0m
  [90m6 |[0m [36mimport[0m { [33mAdministrationSeries[0m, [33mFinding[0m, [33mOrgan[0m, [33mORGANS[0m, [33mORGAN_COLORS[0m, [33mORGAN_LABELS[0m, [33mTimeline...[0m
  [90m7 |[0m
  [90m8 |[0m [36mfunction[0m readable(value: string) { [36mreturn[0m value.replaceAll([32m"_"[0m, [32m" "[0m); }



Import traces:
  Client Component Browser:
    ./components/report/ReportView.tsx [Client Component Browser]
    ./app/page.tsx [Client Component Browser]
    ./app/page.tsx [Server Component]

  Client Component SSR:
    ./components/report/ReportView.tsx [Client Component SSR]
    ./app/page.tsx [Client Component SSR]
    ./app/page.tsx [Server Component]

https://nextjs.org/docs/messages/module-not-found


⨯ ./components/report/ReportView.tsx:5:1
Error: Module not found: Can't resolve '../simulation/BodyScene'
  [90m3 |[0m [36mimport[0m { [33mActivity[0m, [33mFileText[0m, [33mChartNoAxesCombined[0m, [33mDownload[0m, [33mPlay[0m, [33mPause[0m, [33mRotateCcw[0m, [33mChevron...[0m
  [90m4 |[0m [36mimport[0m { [33mResponsiveContainer[0m, [33mLineChart[0m, [33mLine[0m, [33mCartesianGrid[0m, [33mXAxis[0m, [33mYAxis[0m, [33mTooltip[0m, [33mRefere...[0m
[31m[1m>[0m [90m5 |[0m [36mimport[0m [33mBodyScene[0m [36mfrom[0m [32m"../simulation/BodyScene"[0m;
  [90m  |[0m [31m[1m^^^^^^^^^^^^^^^^^^^^^^^^^^^^^^^^^^^^^^^^^^^^^^^^[0m
  [90m6 |[0m [36mimport[0m { [33mAdministrationSeries[0m, [33mFinding[0m, [33mOrgan[0m, [33mORGANS[0m, [33mORGAN_COLORS[0m, [33mORGAN_LABELS[0m, [33mTimeline...[0m
  [90m7 |[0m
  [90m8 |[0m [36mfunction[0m readable(value: string) { [36mreturn[0m value.replaceAll([32m"_"[0m, [32m" "[0m); }



Import traces:
  Client Component Browser:
    ./components/report/ReportView.tsx [Client Component Browser]
    ./app/page.tsx [Client Component Browser]
    ./app/page.tsx [Server Component]

  Client Component SSR:
    ./components/report/ReportView.tsx [Client Component SSR]
    ./app/page.tsx [Client Component SSR]
    ./app/page.tsx [Server Component]

https://nextjs.org/docs/messages/module-not-found


⨯ ./components/report/ReportView.tsx:5:1
Error: Module not found: Can't resolve '../simulation/BodyScene'
  [90m3 |[0m [36mimport[0m { [33mActivity[0m, [33mFileText[0m, [33mChartNoAxesCombined[0m, [33mDownload[0m, [33mPlay[0m, [33mPause[0m, [33mRotateCcw[0m, [33mChevron...[0m
  [90m4 |[0m [36mimport[0m { [33mResponsiveContainer[0m, [33mLineChart[0m, [33mLine[0m, [33mCartesianGrid[0m, [33mXAxis[0m, [33mYAxis[0m, [33mTooltip[0m, [33mRefere...[0m
[31m[1m>[0m [90m5 |[0m [36mimport[0m [33mBodyScene[0m [36mfrom[0m [32m"../simulation/BodyScene"[0m;
  [90m  |[0m [31m[1m^^^^^^^^^^^^^^^^^^^^^^^^^^^^^^^^^^^^^^^^^^^^^^^^[0m
  [90m6 |[0m [36mimport[0m { [33mAdministrationSeries[0m, [33mFinding[0m, [33mOrgan[0m, [33mORGANS[0m, [33mORGAN_COLORS[0m, [33mORGAN_LABELS[0m, [33mTimeline...[0m
  [90m7 |[0m
  [90m8 |[0m [36mfunction[0m readable(value: string) { [36mreturn[0m value.replaceAll([32m"_"[0m, [32m" "[0m); }



Import traces:
  Client Component Browser:
    ./components/report/ReportView.tsx [Client Component Browser]
    ./app/page.tsx [Client Component Browser]
    ./app/page.tsx [Server Component]

  Client Component SSR:
    ./components/report/ReportView.tsx [Client Component SSR]
    ./app/page.tsx [Client Component SSR]
    ./app/page.tsx [Server Component]

https://nextjs.org/docs/messages/module-not-found


⨯ ./components/report/ReportView.tsx:5:1
Error: Module not found: Can't resolve '../simulation/BodyScene'
  [90m3 |[0m [36mimport[0m { [33mActivity[0m, [33mFileText[0m, [33mChartNoAxesCombined[0m, [33mDownload[0m, [33mPlay[0m, [33mPause[0m, [33mRotateCcw[0m, [33mChevron...[0m
  [90m4 |[0m [36mimport[0m { [33mResponsiveContainer[0m, [33mLineChart[0m, [33mLine[0m, [33mCartesianGrid[0m, [33mXAxis[0m, [33mYAxis[0m, [33mTooltip[0m, [33mRefere...[0m
[31m[1m>[0m [90m5 |[0m [36mimport[0m [33mBodyScene[0m [36mfrom[0m [32m"../simulation/BodyScene"[0m;
  [90m  |[0m [31m[1m^^^^^^^^^^^^^^^^^^^^^^^^^^^^^^^^^^^^^^^^^^^^^^^^[0m
  [90m6 |[0m [36mimport[0m { [33mAdministrationSeries[0m, [33mFinding[0m, [33mOrgan[0m, [33mORGANS[0m, [33mORGAN_COLORS[0m, [33mORGAN_LABELS[0m, [33mTimeline...[0m
  [90m7 |[0m
  [90m8 |[0m [36mfunction[0m readable(value: string) { [36mreturn[0m value.replaceAll([32m"_"[0m, [32m" "[0m); }



Import traces:
  Client Component Browser:
    ./components/report/ReportView.tsx [Client Component Browser]
    ./app/page.tsx [Client Component Browser]
    ./app/page.tsx [Server Component]

  Client Component SSR:
    ./components/report/ReportView.tsx [Client Component SSR]
    ./app/page.tsx [Client Component SSR]
    ./app/page.tsx [Server Component]

https://nextjs.org/docs/messages/module-not-found


⨯ ./components/report/ReportView.tsx:5:1
Error: Module not found: Can't resolve '../simulation/BodyScene'
  [90m3 |[0m [36mimport[0m { [33mActivity[0m, [33mFileText[0m, [33mChartNoAxesCombined[0m, [33mDownload[0m, [33mPlay[0m, [33mPause[0m, [33mRotateCcw[0m, [33mChevron...[0m
  [90m4 |[0m [36mimport[0m { [33mResponsiveContainer[0m, [33mLineChart[0m, [33mLine[0m, [33mCartesianGrid[0m, [33mXAxis[0m, [33mYAxis[0m, [33mTooltip[0m, [33mRefere...[0m
[31m[1m>[0m [90m5 |[0m [36mimport[0m [33mBodyScene[0m [36mfrom[0m [32m"../simulation/BodyScene"[0m;
  [90m  |[0m [31m[1m^^^^^^^^^^^^^^^^^^^^^^^^^^^^^^^^^^^^^^^^^^^^^^^^[0m
  [90m6 |[0m [36mimport[0m { [33mAdministrationSeries[0m, [33mFinding[0m, [33mOrgan[0m, [33mORGANS[0m, [33mORGAN_COLORS[0m, [33mORGAN_LABELS[0m, [33mTimeline...[0m
  [90m7 |[0m
  [90m8 |[0m [36mfunction[0m readable(value: string) { [36mreturn[0m value.replaceAll([32m"_"[0m, [32m" "[0m); }



Import traces:
  Client Component Browser:
    ./components/report/ReportView.tsx [Client Component Browser]
    ./app/page.tsx [Client Component Browser]
    ./app/page.tsx [Server Component]

  Client Component SSR:
    ./components/report/ReportView.tsx [Client Component SSR]
    ./app/page.tsx [Client Component SSR]
    ./app/page.tsx [Server Component]

https://nextjs.org/docs/messages/module-not-found


⨯ ./components/report/ReportView.tsx:5:1
Error: Module not found: Can't resolve '../simulation/BodyScene'
  [90m3 |[0m [36mimport[0m { [33mActivity[0m, [33mFileText[0m, [33mChartNoAxesCombined[0m, [33mDownload[0m, [33mPlay[0m, [33mPause[0m, [33mRotateCcw[0m, [33mChevron...[0m
  [90m4 |[0m [36mimport[0m { [33mResponsiveContainer[0m, [33mLineChart[0m, [33mLine[0m, [33mCartesianGrid[0m, [33mXAxis[0m, [33mYAxis[0m, [33mTooltip[0m, [33mRefere...[0m
[31m[1m>[0m [90m5 |[0m [36mimport[0m [33mBodyScene[0m [36mfrom[0m [32m"../simulation/BodyScene"[0m;
  [90m  |[0m [31m[1m^^^^^^^^^^^^^^^^^^^^^^^^^^^^^^^^^^^^^^^^^^^^^^^^[0m
  [90m6 |[0m [36mimport[0m { [33mAdministrationSeries[0m, [33mFinding[0m, [33mOrgan[0m, [33mORGANS[0m, [33mORGAN_COLORS[0m, [33mORGAN_LABELS[0m, [33mTimeline...[0m
  [90m7 |[0m
  [90m8 |[0m [36mfunction[0m readable(value: string) { [36mreturn[0m value.replaceAll([32m"_"[0m, [32m" "[0m); }



Import traces:
  Client Component Browser:
    ./components/report/ReportView.tsx [Client Component Browser]
    ./app/page.tsx [Client Component Browser]
    ./app/page.tsx [Server Component]

  Client Component SSR:
    ./components/report/ReportView.tsx [Client Component SSR]
    ./app/page.tsx [Client Component SSR]
    ./app/page.tsx [Server Component]

https://nextjs.org/docs/messages/module-not-found


⨯ ./components/report/ReportView.tsx:5:1
Error: Module not found: Can't resolve '../simulation/BodyScene'
  [90m3 |[0m [36mimport[0m { [33mActivity[0m, [33mFileText[0m, [33mChartNoAxesCombined[0m, [33mDownload[0m, [33mPlay[0m, [33mPause[0m, [33mRotateCcw[0m, [33mChevron...[0m
  [90m4 |[0m [36mimport[0m { [33mResponsiveContainer[0m, [33mLineChart[0m, [33mLine[0m, [33mCartesianGrid[0m, [33mXAxis[0m, [33mYAxis[0m, [33mTooltip[0m, [33mRefere...[0m
[31m[1m>[0m [90m5 |[0m [36mimport[0m [33mBodyScene[0m [36mfrom[0m [32m"../simulation/BodyScene"[0m;
  [90m  |[0m [31m[1m^^^^^^^^^^^^^^^^^^^^^^^^^^^^^^^^^^^^^^^^^^^^^^^^[0m
  [90m6 |[0m [36mimport[0m { [33mAdministrationSeries[0m, [33mFinding[0m, [33mOrgan[0m, [33mORGANS[0m, [33mORGAN_COLORS[0m, [33mORGAN_LABELS[0m, [33mTimeline...[0m
  [90m7 |[0m
  [90m8 |[0m [36mfunction[0m readable(value: string) { [36mreturn[0m value.replaceAll([32m"_"[0m, [32m" "[0m); }



Import traces:
  Client Component Browser:
    ./components/report/ReportView.tsx [Client Component Browser]
    ./app/page.tsx [Client Component Browser]
    ./app/page.tsx [Server Component]

  Client Component SSR:
    ./components/report/ReportView.tsx [Client Component SSR]
    ./app/page.tsx [Client Component SSR]
    ./app/page.tsx [Server Component]

https://nextjs.org/docs/messages/module-not-found


⨯ ./components/report/ReportView.tsx:5:1
Error: Module not found: Can't resolve '../simulation/BodyScene'
  [90m3 |[0m [36mimport[0m { [33mActivity[0m, [33mFileText[0m, [33mChartNoAxesCombined[0m, [33mDownload[0m, [33mPlay[0m, [33mPause[0m, [33mRotateCcw[0m, [33mChevron...[0m
  [90m4 |[0m [36mimport[0m { [33mResponsiveContainer[0m, [33mLineChart[0m, [33mLine[0m, [33mCartesianGrid[0m, [33mXAxis[0m, [33mYAxis[0m, [33mTooltip[0m, [33mRefere...[0m
[31m[1m>[0m [90m5 |[0m [36mimport[0m [33mBodyScene[0m [36mfrom[0m [32m"../simulation/BodyScene"[0m;
  [90m  |[0m [31m[1m^^^^^^^^^^^^^^^^^^^^^^^^^^^^^^^^^^^^^^^^^^^^^^^^[0m
  [90m6 |[0m [36mimport[0m { [33mAdministrationSeries[0m, [33mFinding[0m, [33mOrgan[0m, [33mORGANS[0m, [33mORGAN_COLORS[0m, [33mORGAN_LABELS[0m, [33mTimeline...[0m
  [90m7 |[0m
  [90m8 |[0m [36mfunction[0m readable(value: string) { [36mreturn[0m value.replaceAll([32m"_"[0m, [32m" "[0m); }



Import traces:
  Client Component Browser:
    ./components/report/ReportView.tsx [Client Component Browser]
    ./app/page.tsx [Client Component Browser]
    ./app/page.tsx [Server Component]

  Client Component SSR:
    ./components/report/ReportView.tsx [Client Component SSR]
    ./app/page.tsx [Client Component SSR]
    ./app/page.tsx [Server Component]

https://nextjs.org/docs/messages/module-not-found


⨯ ./components/report/ReportView.tsx:5:1
Error: Module not found: Can't resolve '../simulation/BodyScene'
  [90m3 |[0m [36mimport[0m { [33mActivity[0m, [33mFileText[0m, [33mChartNoAxesCombined[0m, [33mDownload[0m, [33mPlay[0m, [33mPause[0m, [33mRotateCcw[0m, [33mChevron...[0m
  [90m4 |[0m [36mimport[0m { [33mResponsiveContainer[0m, [33mLineChart[0m, [33mLine[0m, [33mCartesianGrid[0m, [33mXAxis[0m, [33mYAxis[0m, [33mTooltip[0m, [33mRefere...[0m
[31m[1m>[0m [90m5 |[0m [36mimport[0m [33mBodyScene[0m [36mfrom[0m [32m"../simulation/BodyScene"[0m;
  [90m  |[0m [31m[1m^^^^^^^^^^^^^^^^^^^^^^^^^^^^^^^^^^^^^^^^^^^^^^^^[0m
  [90m6 |[0m [36mimport[0m { [33mAdministrationSeries[0m, [33mFinding[0m, [33mOrgan[0m, [33mORGANS[0m, [33mORGAN_COLORS[0m, [33mORGAN_LABELS[0m, [33mTimeline...[0m
  [90m7 |[0m
  [90m8 |[0m [36mfunction[0m readable(value: string) { [36mreturn[0m value.replaceAll([32m"_"[0m, [32m" "[0m); }



Import traces:
  Client Component Browser:
    ./components/report/ReportView.tsx [Client Component Browser]
    ./app/page.tsx [Client Component Browser]
    ./app/page.tsx [Server Component]

  Client Component SSR:
    ./components/report/ReportView.tsx [Client Component SSR]
    ./app/page.tsx [Client Component SSR]
    ./app/page.tsx [Server Component]

https://nextjs.org/docs/messages/module-not-found


⨯ ./components/report/ReportView.tsx:5:1
Error: Module not found: Can't resolve '../simulation/BodyScene'
  [90m3 |[0m [36mimport[0m { [33mActivity[0m, [33mFileText[0m, [33mChartNoAxesCombined[0m, [33mDownload[0m, [33mPlay[0m, [33mPause[0m, [33mRotateCcw[0m, [33mChevron...[0m
  [90m4 |[0m [36mimport[0m { [33mResponsiveContainer[0m, [33mLineChart[0m, [33mLine[0m, [33mCartesianGrid[0m, [33mXAxis[0m, [33mYAxis[0m, [33mTooltip[0m, [33mRefere...[0m
[31m[1m>[0m [90m5 |[0m [36mimport[0m [33mBodyScene[0m [36mfrom[0m [32m"../simulation/BodyScene"[0m;
  [90m  |[0m [31m[1m^^^^^^^^^^^^^^^^^^^^^^^^^^^^^^^^^^^^^^^^^^^^^^^^[0m
  [90m6 |[0m [36mimport[0m { [33mAdministrationSeries[0m, [33mFinding[0m, [33mOrgan[0m, [33mORGANS[0m, [33mORGAN_COLORS[0m, [33mORGAN_LABELS[0m, [33mTimeline...[0m
  [90m7 |[0m
  [90m8 |[0m [36mfunction[0m readable(value: string) { [36mreturn[0m value.replaceAll([32m"_"[0m, [32m" "[0m); }



Import traces:
  Client Component Browser:
    ./components/report/ReportView.tsx [Client Component Browser]
    ./app/page.tsx [Client Component Browser]
    ./app/page.tsx [Server Component]

  Client Component SSR:
    ./components/report/ReportView.tsx [Client Component SSR]
    ./app/page.tsx [Client Component SSR]
    ./app/page.tsx [Server Component]

https://nextjs.org/docs/messages/module-not-found


⨯ ./components/report/ReportView.tsx:5:1
Error: Module not found: Can't resolve '../simulation/BodyScene'
  [90m3 |[0m [36mimport[0m { [33mActivity[0m, [33mFileText[0m, [33mChartNoAxesCombined[0m, [33mDownload[0m, [33mPlay[0m, [33mPause[0m, [33mRotateCcw[0m, [33mChevron...[0m
  [90m4 |[0m [36mimport[0m { [33mResponsiveContainer[0m, [33mLineChart[0m, [33mLine[0m, [33mCartesianGrid[0m, [33mXAxis[0m, [33mYAxis[0m, [33mTooltip[0m, [33mRefere...[0m
[31m[1m>[0m [90m5 |[0m [36mimport[0m [33mBodyScene[0m [36mfrom[0m [32m"../simulation/BodyScene"[0m;
  [90m  |[0m [31m[1m^^^^^^^^^^^^^^^^^^^^^^^^^^^^^^^^^^^^^^^^^^^^^^^^[0m
  [90m6 |[0m [36mimport[0m { [33mAdministrationSeries[0m, [33mFinding[0m, [33mOrgan[0m, [33mORGANS[0m, [33mORGAN_COLORS[0m, [33mORGAN_LABELS[0m, [33mTimeline...[0m
  [90m7 |[0m
  [90m8 |[0m [36mfunction[0m readable(value: string) { [36mreturn[0m value.replaceAll([32m"_"[0m, [32m" "[0m); }



Import traces:
  Client Component Browser:
    ./components/report/ReportView.tsx [Client Component Browser]
    ./app/page.tsx [Client Component Browser]
    ./app/page.tsx [Server Component]

  Client Component SSR:
    ./components/report/ReportView.tsx [Client Component SSR]
    ./app/page.tsx [Client Component SSR]
    ./app/page.tsx [Server Component]

https://nextjs.org/docs/messages/module-not-found


[browser] ./components/report/ReportView.tsx:5:1
Error: Module not found: Can't resolve '../simulation/BodyScene'
  3 | import { Activity, FileText, ChartNoAxesCombined, Download, Play, Pause, RotateCcw, Chevron...
  4 | import { ResponsiveContainer, LineChart, Line, CartesianGrid, XAxis, YAxis, Tooltip, Refere...
> 5 | import BodyScene from "../simulation/BodyScene";
    | ^^^^^^^^^^^^^^^^^^^^^^^^^^^^^^^^^^^^^^^^^^^^^^^^
  6 | import { AdministrationSeries, Finding, Organ, ORGANS, ORGAN_COLORS, ORGAN_LABELS, Timeline...
  7 |
  8 | function readable(value: string) { return value.replaceAll("_", " "); }

Import traces:
  Client Component Browser:
    ./components/report/ReportView.tsx [Client Component Browser]
    ./app/page.tsx [Client Component Browser]
    ./app/page.tsx [Server Component]

  Client Component SSR:
    ./components/report/ReportView.tsx [Client Component SSR]
    ./app/page.tsx [Client Component SSR]
    ./app/page.tsx [Server Component]

https://nextjs.org/docs/messages/module-not-found 
[browser] ./components/report/ReportView.tsx:5:1
Error: Module not found: Can't resolve '../simulation/BodyScene'
  3 | import { Activity, FileText, ChartNoAxesCombined, Download, Play, Pause, RotateCcw, Chevron...
  4 | import { ResponsiveContainer, LineChart, Line, CartesianGrid, XAxis, YAxis, Tooltip, Refere...
> 5 | import BodyScene from "../simulation/BodyScene";
    | ^^^^^^^^^^^^^^^^^^^^^^^^^^^^^^^^^^^^^^^^^^^^^^^^
  6 | import { AdministrationSeries, Finding, Organ, ORGANS, ORGAN_COLORS, ORGAN_LABELS, Timeline...
  7 |
  8 | function readable(value: string) { return value.replaceAll("_", " "); }

Import traces:
  Client Component Browser:
    ./components/report/ReportView.tsx [Client Component Browser]
    ./app/page.tsx [Client Component Browser]
    ./app/page.tsx [Server Component]

  Client Component SSR:
    ./components/report/ReportView.tsx [Client Component SSR]
    ./app/page.tsx [Client Component SSR]
    ./app/page.tsx [Server Component]

https://nextjs.org/docs/messages/module-not-found 
[browser] ./components/simulation/BodyScene.tsx:134:107
Error: Expected ',', got ';'
  132 | ...ials = new Set<THREE.Material>();
  133 | ...sh) { geometries.add(object.geometry); (Array.isArray(object.material) ? object.materi...
> 134 | ...ials.forEach(material => material.dispose();
      |                                               ^
  135 | ...
  136 | ...
  137 | ...

Parsing ecmascript source code failed

Import traces:
  Client Component Browser:
    ./components/simulation/BodyScene.tsx [Client Component Browser]
    ./components/report/ReportView.tsx [Client Component Browser]
    ./app/page.tsx [Client Component Browser]
    ./app/page.tsx [Server Component]

  Client Component SSR:
    ./components/simulation/BodyScene.tsx [Client Component SSR]
    ./components/report/ReportView.tsx [Client Component SSR]
    ./app/page.tsx [Client Component SSR]
    ./app/page.tsx [Server Component] 
[browser] ./components/report/ReportView.tsx:5:1
Error: Module not found: Can't resolve '../simulation/BodyScene'
  3 | import { Activity, FileText, ChartNoAxesCombined, Download, Play, Pause, RotateCcw, Chevron...
  4 | import { ResponsiveContainer, LineChart, Line, CartesianGrid, XAxis, YAxis, Tooltip, Refere...
> 5 | import BodyScene from "../simulation/BodyScene";
    | ^^^^^^^^^^^^^^^^^^^^^^^^^^^^^^^^^^^^^^^^^^^^^^^^
  6 | import { AdministrationSeries, Finding, Organ, ORGANS, ORGAN_COLORS, ORGAN_LABELS, Timeline...
  7 |
  8 | function readable(value: string) { return value.replaceAll("_", " "); }

Import traces:
  Client Component Browser:
    ./components/report/ReportView.tsx [Client Component Browser]
    ./app/page.tsx [Client Component Browser]
    ./app/page.tsx [Server Component]

  Client Component SSR:
    ./components/report/ReportView.tsx [Client Component SSR]
    ./app/page.tsx [Client Component SSR]
    ./app/page.tsx [Server Component]

https://nextjs.org/docs/messages/module-not-found 
[browser] ./components/report/ReportView.tsx:5:1
Error: Module not found: Can't resolve '../simulation/BodyScene'
  3 | import { Activity, FileText, ChartNoAxesCombined, Download, Play, Pause, RotateCcw, Chevron...
  4 | import { ResponsiveContainer, LineChart, Line, CartesianGrid, XAxis, YAxis, Tooltip, Refere...
> 5 | import BodyScene from "../simulation/BodyScene";
    | ^^^^^^^^^^^^^^^^^^^^^^^^^^^^^^^^^^^^^^^^^^^^^^^^
  6 | import { AdministrationSeries, Finding, Organ, ORGANS, ORGAN_COLORS, ORGAN_LABELS, Timeline...
  7 |
  8 | function readable(value: string) { return value.replaceAll("_", " "); }

Import traces:
  Client Component Browser:
    ./components/report/ReportView.tsx [Client Component Browser]
    ./app/page.tsx [Client Component Browser]
    ./app/page.tsx [Server Component]

  Client Component SSR:
    ./components/report/ReportView.tsx [Client Component SSR]
    ./app/page.tsx [Client Component SSR]
    ./app/page.tsx [Server Component]

https://nextjs.org/docs/messages/module-not-found 
[browser] ./components/simulation/BodyScene.tsx:134:107
Error: Expected ',', got ';'
  132 | ...ials = new Set<THREE.Material>();
  133 | ...sh) { geometries.add(object.geometry); (Array.isArray(object.material) ? object.materi...
> 134 | ...ials.forEach(material => material.dispose();
      |                                               ^
  135 | ...
  136 | ...
  137 | ...

Parsing ecmascript source code failed

Import traces:
  Client Component Browser:
    ./components/simulation/BodyScene.tsx [Client Component Browser]
    ./components/report/ReportView.tsx [Client Component Browser]
    ./app/page.tsx [Client Component Browser]
    ./app/page.tsx [Server Component]

  Client Component SSR:
    ./components/simulation/BodyScene.tsx [Client Component SSR]
    ./components/report/ReportView.tsx [Client Component SSR]
    ./app/page.tsx [Client Component SSR]
    ./app/page.tsx [Server Component] 
[browser] A tree hydrated but some attributes of the server rendered HTML didn't match the client properties. This won't be patched up. This can happen if a SSR-ed Client Component used:

- A server/client branch `if (typeof window !== 'undefined')`.
- Variable input such as `Date.now()` or `Math.random()` which changes each time it's called.
- Date formatting in a user's locale which doesn't match the server.
- External changing data without sending a snapshot of it along with the HTML.
- Invalid HTML tag nesting.

It can also happen if the client has a browser extension installed which messes with the HTML before React loaded.

https://react.dev/link/hydration-mismatch

  ...
    <HotReload globalError={[...]} webSocket={WebSocket} staticIndicatorState={{pathname:null, ...}}>
      <AppDevOverlayErrorBoundary globalError={[...]}>
        <ReplaySsrOnlyErrors>
        <DevRootHTTPAccessFallbackBoundary>
          <HTTPAccessFallbackBoundary notFound={<NotAllowedRootHTTPFallbackError>}>
            <HTTPAccessFallbackErrorBoundary pathname="/" notFound={<NotAllowedRootHTTPFallbackError>} ...>
              <RedirectBoundary>
                <RedirectErrorBoundary router={{...}}>
                  <Head>
                  <__next_root_layout_boundary__>
                    <SegmentViewNode type="layout" pagePath="layout.tsx">
                      <SegmentTrieNode>
                      <link>
                      <script>
                      <RootLayout>
                        <html lang="en">
                          <body
-                           cz-shortcut-listen="true"
                          >
                  ...
 
