▲ Next.js 16.3.8 (Turbopack)
- Local:         http://127.0.0.1:3000
- Network:       http://127.0.0.1:3000
✓ Ready in 827ms
✓ Running next.config.ts took 217ms

 GET / 200 in 873ms (next.js: 282ms, application-code: 592ms)
 GET / 200 in 74ms (next.js: 7ms, application-code: 67ms)
 GET / 200 in 71ms (next.js: 6ms, application-code: 66ms)
 GET / 200 in 61ms (next.js: 6ms, application-code: 54ms)
 GET / 200 in 109ms (next.js: 13ms, application-code: 97ms)
 GET / 200 in 94ms (next.js: 20ms, application-code: 73ms)
 GET / 200 in 63ms (next.js: 5ms, application-code: 58ms)
 GET / 200 in 79ms (next.js: 5ms, application-code: 74ms)
 GET / 200 in 70ms (next.js: 6ms, application-code: 64ms)
 GET / 200 in 119ms (next.js: 6ms, application-code: 112ms)
▲ Next.js 16.3.8 (Turbopack)
- Local:         http://127.0.0.1:3000
- Network:       http://127.0.0.1:3000
✓ Ready in 794ms
✓ Running next.config.ts took 78ms

 GET / 200 in 921ms (next.js: 330ms, application-code: 591ms)
 GET / 200 in 107ms (next.js: 9ms, application-code: 98ms)
 GET / 200 in 59ms (next.js: 5ms, application-code: 53ms)
 GET / 200 in 56ms (next.js: 5ms, application-code: 52ms)
 GET / 200 in 53ms (next.js: 6ms, application-code: 47ms)
 GET / 200 in 94ms (next.js: 8ms, application-code: 86ms)
 GET / 200 in 69ms (next.js: 17ms, application-code: 53ms)
 GET / 200 in 56ms (next.js: 6ms, application-code: 50ms)
 GET / 200 in 69ms (next.js: 7ms, application-code: 62ms)
 GET / 200 in 57ms (next.js: 5ms, application-code: 51ms)
 GET / 200 in 49ms (next.js: 4ms, application-code: 44ms)
 GET / 200 in 86ms (next.js: 7ms, application-code: 79ms)
 GET / 200 in 61ms (next.js: 4ms, application-code: 57ms)
 GET / 200 in 108ms (next.js: 12ms, application-code: 96ms)
 GET / 200 in 144ms (next.js: 14ms, application-code: 130ms)
 GET / 200 in 82ms (next.js: 7ms, application-code: 75ms)
✓ Compiled in 103ms
 GET / 200 in 122ms (next.js: 29ms, application-code: 93ms)
 GET / 200 in 50ms (next.js: 8ms, application-code: 42ms)
✓ Compiled in 103ms
 GET / 200 in 102ms (next.js: 18ms, application-code: 84ms)
 GET / 200 in 102ms (next.js: 56ms, application-code: 46ms)
✓ Compiled in 104ms
✓ Compiled in 183ms
✓ Compiled in 307ms
 GET / 200 in 105ms (next.js: 23ms, application-code: 82ms)
 GET / 200 in 104ms (next.js: 61ms, application-code: 42ms)
✓ Compiled in 149ms
 GET / 200 in 105ms (next.js: 20ms, application-code: 85ms)
 GET / 200 in 49ms (next.js: 12ms, application-code: 38ms)
✓ Compiled in 23ms
✓ Compiled in 190ms
 GET / 200 in 287ms (next.js: 139ms, application-code: 149ms)
 GET / 200 in 289ms (next.js: 256ms, application-code: 33ms)
 GET / 200 in 190ms (next.js: 5ms, application-code: 185ms)
 GET / 200 in 72ms (next.js: 6ms, application-code: 66ms)
 GET / 200 in 84ms (next.js: 7ms, application-code: 77ms)
 GET / 200 in 69ms (next.js: 6ms, application-code: 63ms)
✓ Compiled in 264ms
 GET / 200 in 242ms (next.js: 39ms, application-code: 204ms)
 GET / 200 in 160ms (next.js: 16ms, application-code: 144ms)
✓ Compiled in 186ms
 GET / 200 in 91ms (next.js: 12ms, application-code: 79ms)
 GET / 200 in 241ms (next.js: 170ms, application-code: 71ms)
 GET / 200 in 93ms (next.js: 12ms, application-code: 81ms)
 GET / 200 in 53ms (next.js: 4ms, application-code: 49ms)
 GET / 200 in 73ms (next.js: 9ms, application-code: 64ms)
 GET / 200 in 85ms (next.js: 13ms, application-code: 71ms)
